[PEX] Starting
[PEX] Trading 2 products: GPU Router
[PEX] Created FIFO /tmp/pe_exchange_0
[PEX] Created FIFO /tmp/pe_trader_0
[PEX] Starting trader 0 (./tests/E2E/self_trader)
[PEX] Connected to /tmp/pe_exchange_0
[PEX] Connected to /tmp/pe_trader_0
[PEX] [T0] Parsing command: <SELL 0 GPU 2 300>
[PEX]	--ORDERBOOK--
[PEX]	Product: GPU; Buy levels: 0; Sell levels: 1
[PEX]		SELL 2 @ $300 (1 order)
[PEX]	Product: Router; Buy levels: 0; Sell levels: 0
[PEX]	--POSITIONS--
[PEX]	Trader 0: GPU 0 ($0), Router 0 ($0)
[PEX] [T0] Parsing command: <BUY 1 Router 50 500>
[PEX]	--ORDERBOOK--
[PEX]	Product: GPU; Buy levels: 0; Sell levels: 1
[PEX]		SELL 2 @ $300 (1 order)
[PEX]	Product: Router; Buy levels: 1; Sell levels: 0
[PEX]		BUY 50 @ $500 (1 order)
[PEX]	--POSITIONS--
[PEX]	Trader 0: GPU 0 ($0), Router 0 ($0)
[PEX] [T0] Parsing command: <BUY 2 GPU 2 500>
[PEX] Match: Order 0 [T0], New Order 2 [T0], value: $600, fee: $6.
[PEX]	--ORDERBOOK--
[PEX]	Product: GPU; Buy levels: 0; Sell levels: 0
[PEX]	Product: Router; Buy levels: 1; Sell levels: 0
[PEX]		BUY 50 @ $500 (1 order)
[PEX]	--POSITIONS--
[PEX]	Trader 0: GPU 0 ($-6), Router 0 ($0)
[PEX] [T0] Parsing command: <SELL 3 Router 1000 499>
[PEX] Match: Order 1 [T0], New Order 3 [T0], value: $25000, fee: $250.
[PEX]	--ORDERBOOK--
[PEX]	Product: GPU; Buy levels: 0; Sell levels: 0
[PEX]	Product: Router; Buy levels: 0; Sell levels: 1
[PEX]		SELL 950 @ $499 (1 order)
[PEX]	--POSITIONS--
[PEX]	Trader 0: GPU 0 ($-6), Router 0 ($-250)
[PEX] Trader 0 disconnected
[PEX] Trading completed
[PEX] Exchange fees collected: $256
